// Jest Snapshot v1, https://goo.gl/fbAQLP

exports[`Icon Component snapshot test Should render correctly 1`] = `
<Text
  allowFontScaling={false}
  style={
    Array [
      Object {
        "color": "transparent",
        "fontSize": 20,
      },
      undefined,
      Object {
        "fontFamily": "Ionicons",
        "fontStyle": "normal",
        "fontWeight": "normal",
      },
      Object {},
    ]
  }
>
  ÔèΩ
</Text>
`;
