// Jest Snapshot v1, https://goo.gl/fbAQLP

exports[`Card Component snapshot test Should render correctly 1`] = `
<View
  style={
    Object {
      "marginBottom": 0,
    }
  }
>
  <View
    style={
      Object {
        "alignItems": "center",
        "backgroundColor": "#fff",
        "borderRadius": 10,
        "elevation": 10,
        "flex": 1,
        "flexDirection": "row",
        "justifyContent": "space-between",
        "marginBottom": 10,
        "padding": 10,
        "paddingRight": 20,
        "zIndex": 1,
      }
    }
  >
    <View
      style={
        Object {
          "alignItems": "center",
          "flexDirection": "row",
        }
      }
    >
      <Image
        source={
          Object {
            "uri": "https://cdn4.iconfinder.com/data/icons/ionicons/512/icon-ios7-contact-512.png",
          }
        }
        style={
          Object {
            "borderRadius": 30,
            "height": 50,
            "width": 50,
          }
        }
      />
      <View>
        <Text
          style={
            Object {
              "color": "black",
              "fontSize": 18,
              "fontWeight": "bold",
              "marginBottom": 10,
              "marginLeft": 10,
            }
          }
        >
          Name: John Doe
        </Text>
        <Text
          style={
            Object {
              "color": "black",
              "fontSize": 18,
              "fontWeight": "bold",
              "marginBottom": 10,
              "marginLeft": 10,
            }
          }
        >
          Age: 90 years old
        </Text>
      </View>
    </View>
    <View
      accessible={true}
      focusable={true}
      onClick={[Function]}
      onResponderGrant={[Function]}
      onResponderMove={[Function]}
      onResponderRelease={[Function]}
      onResponderTerminate={[Function]}
      onResponderTerminationRequest={[Function]}
      onStartShouldSetResponder={[Function]}
      style={
        Object {
          "opacity": 1,
        }
      }
    >
      <Text
        allowFontScaling={false}
        style={
          Array [
            Object {
              "color": "#1b83e3",
              "fontSize": 24,
            },
            undefined,
            Object {
              "fontFamily": "Ionicons",
              "fontStyle": "normal",
              "fontWeight": "normal",
            },
            Object {},
          ]
        }
      >
        ïŠ 
      </Text>
    </View>
  </View>
  <View
    style={
      Object {
        "backgroundColor": "#f0f0f0",
        "borderBottomLeftRadius": 10,
        "borderBottomRightRadius": 10,
        "display": "none",
        "elevation": 5,
        "marginTop": -50,
        "maxHeight": 350,
        "padding": 20,
        "paddingTop": 50,
      }
    }
  >
    <View
      style={
        Object {
          "alignItems": "center",
          "flexDirection": "row",
        }
      }
    >
      <View
        style={
          Object {
            "flex": 1,
            "marginRight": 10,
          }
        }
      >
        <Text
          style={
            Object {
              "fontWeight": "bold",
            }
          }
        >
          First Name
        </Text>
        <TextInput
          allowFontScaling={true}
          keyboardType="default"
          onChangeText={[Function]}
          rejectResponderTermination={true}
          style={
            Object {
              "borderRadius": 10,
              "borderWidth": 1,
              "height": 40,
              "marginBottom": 10,
              "paddingLeft": 20,
            }
          }
          underlineColorAndroid="transparent"
          value="John"
        />
      </View>
      <View
        style={
          Object {
            "flex": 1,
            "marginRight": 10,
          }
        }
      >
        <Text
          style={
            Object {
              "fontWeight": "bold",
            }
          }
        >
          Last Name
        </Text>
        <TextInput
          allowFontScaling={true}
          keyboardType="default"
          onChangeText={[Function]}
          rejectResponderTermination={true}
          style={
            Object {
              "borderRadius": 10,
              "borderWidth": 1,
              "height": 40,
              "marginBottom": 10,
              "paddingLeft": 20,
            }
          }
          underlineColorAndroid="transparent"
          value="Doe"
        />
      </View>
      <View
        style={
          Object {
            "flex": 1,
            "marginRight": 0,
          }
        }
      >
        <Text
          style={
            Object {
              "fontWeight": "bold",
            }
          }
        >
          Age
        </Text>
        <TextInput
          allowFontScaling={true}
          keyboardType="numeric"
          onChangeText={[Function]}
          rejectResponderTermination={true}
          style={
            Object {
              "borderRadius": 10,
              "borderWidth": 1,
              "height": 40,
              "marginBottom": 10,
              "paddingLeft": 20,
            }
          }
          underlineColorAndroid="transparent"
          value="90"
        />
      </View>
    </View>
    <View
      style={
        Object {
          "alignItems": "center",
          "flexDirection": "row",
        }
      }
    >
      <View
        style={
          Object {
            "flex": 1,
            "marginRight": 10,
          }
        }
      >
        <View
          accessible={true}
          focusable={true}
          onClick={[Function]}
          onResponderGrant={[Function]}
          onResponderMove={[Function]}
          onResponderRelease={[Function]}
          onResponderTerminate={[Function]}
          onResponderTerminationRequest={[Function]}
          onStartShouldSetResponder={[Function]}
          style={
            Object {
              "alignItems": "center",
              "backgroundColor": "#1b83e3",
              "borderRadius": 10,
              "justifyContent": "center",
              "minHeight": 30,
              "minWidth": 50,
              "opacity": 1,
              "padding": 10,
            }
          }
        >
          <Text
            style={
              Object {
                "color": "#f0f0f0",
                "fontWeight": "bold",
                "textAlign": "center",
              }
            }
          >
            Edit
          </Text>
        </View>
      </View>
      <View
        style={
          Object {
            "flex": 1,
            "marginRight": 0,
          }
        }
      >
        <View
          accessible={true}
          focusable={true}
          onClick={[Function]}
          onResponderGrant={[Function]}
          onResponderMove={[Function]}
          onResponderRelease={[Function]}
          onResponderTerminate={[Function]}
          onResponderTerminationRequest={[Function]}
          onStartShouldSetResponder={[Function]}
          style={
            Object {
              "alignItems": "center",
              "backgroundColor": "#eb2323",
              "borderRadius": 10,
              "justifyContent": "center",
              "minHeight": 30,
              "minWidth": 50,
              "opacity": 1,
              "padding": 10,
            }
          }
        >
          <Text
            style={
              Object {
                "color": "#f0f0f0",
                "fontWeight": "bold",
                "textAlign": "center",
              }
            }
          >
            Close
          </Text>
        </View>
      </View>
    </View>
  </View>
</View>
`;
